// Jest Snapshot v1, https://goo.gl/fbAQLP

exports[`<Main /> should render the headings 1`] = `
<main
  class="styles__Wrapper-sc-1cs6c8-0 bBVefU"
>
  <img
    alt="Imagem da logo do webpack."
    class="styles__Logo-sc-1cs6c8-1 eivRWX"
    src="/img/webpack-512.png"
  />
  <h1
    class="styles__Title-sc-1cs6c8-2 bQPDep"
  >
    Boilerplate Project
  </h1>
  <h2
    class="styles__Description-sc-1cs6c8-3 jApXu"
  >
    TypeScript, ReactJS, NextJS and Styled Components
  </h2>
  <img
    alt="Um desenvolvedor de frente para uma tela com cÃ³digo."
    class="styles__Illustration-sc-1cs6c8-4 cZHMdn"
    src="/img/hero-illustration.svg"
  />
</main>
`;
